// Jest Snapshot v1, https://goo.gl/fbAQLP

exports[`Areas should render the component 1`] = `
<section
  className="areas"
>
  <Link
    className="areas__card"
    id="area-undefined"
    onClick={[Function]}
    to="/areas/undefined"
  >
    <div
      className="areas__info"
    >
      <h2>
        River North
         - 
        <i>
          RiNo
        </i>
      </h2>
      <p>
        <i>
          location
        </i>
      </p>
      <p>
        blah, blah, blah
      </p>
    </div>
  </Link>
</section>
`;
