// Jest Snapshot v1, https://goo.gl/fbAQLP

exports[`Login should render the component 1`] = `
<form
  className="login-form"
>
  <h1>
    Dwell-n-Dine
  </h1>
  <label
    htmlFor="login-name"
  >
    Name
  </label>
  <input
    id="login-name"
    name="name"
    onChange={[Function]}
    placeholder="Name"
  />
  <label
    htmlFor="login-email"
  >
    Email
  </label>
  <input
    id="login-email"
    name="email"
    onChange={[Function]}
    placeholder="Email"
  />
  <label
    htmlFor="login-reason"
  >
    Reason for visit
  </label>
  <select
    id="login-reason"
    name="reason"
    onChange={[Function]}
  >
    <option
      disabled={true}
      selected={true}
      value={true}
    >
      -- select an option --
    </option>
    <option
      value="Special Occasion"
    >
      Special Occasion
    </option>
    <option
      value="Business"
    >
      Business
    </option>
    <option
      value="Vacation"
    >
      Vacation
    </option>
    <option
      value="Other"
    >
      Other
    </option>
  </select>
  <Link
    className="login-button"
    to="/areas"
  >
    Login
  </Link>
</form>
`;
